[    1517ms] [ERROR] Failed to load resource: the server responded with a status of 500 (Internal Server Error) @ http://localhost:3000/:0
[    1747ms] Error: ./node_modules/@ai-sdk/react/node_modules/@ai-sdk/gateway/dist/index.mjs:1245:1
Module not found: Can't resolve 'zod'
  1243 |   zodSchema as zodSchema7
  1244 | } from "@ai-sdk/provider-utils";
> 1245 | import { z as z10 } from "zod";
       | ^^^^^^^^^^^^^^^^^^^^^^^^^^^^^^^
  1246 | var perplexitySearchInputSchema = lazySchema7(
  1247 |   () => zodSchema7(
  1248 |     z10.object({



Import traces:
  Client Component Browser:
    ./node_modules/@ai-sdk/react/node_modules/@ai-sdk/gateway/dist/index.mjs [Client Component Browser]
    ./node_modules/@ai-sdk/react/node_modules/ai/dist/index.mjs [Client Component Browser]
    ./node_modules/@ai-sdk/react/dist/index.mjs [Client Component Browser]
    ./src/lib/contexts/chat-context.tsx [Client Component Browser]
    ./src/app/main-content.tsx [Client Component Browser]
    ./src/app/main-content.tsx [Server Component]
    ./src/app/page.tsx [Server Component]

  Client Component SSR:
    ./node_modules/@ai-sdk/react/node_modules/@ai-sdk/gateway/dist/index.mjs [Client Component SSR]
    ./node_modules/@ai-sdk/react/node_modules/ai/dist/index.mjs [Client Component SSR]
    ./node_modules/@ai-sdk/react/dist/index.mjs [Client Component SSR]
    ./src/lib/contexts/chat-context.tsx [Client Component SSR]
    ./src/app/main-content.tsx [Client Component SSR]
    ./src/app/main-content.tsx [Server Component]
    ./src/app/page.tsx [Server Component]

https://nextjs.org/docs/messages/module-not-found


    at Error: ./node_modules/ (ai-sdk/react/node_modules/@ai-sdk/gateway/dist/index.mjs:1245:1)
    at <unknown> (https://nextjs.org/docs/messages/module-not-found)
    at Object.getCompilationErrors (file:///Users/esener303/uigen/node_modules/next/dist/server/dev/hot-reloader-turbopack.js:775:59)
    at DevBundlerService.getCompilationError (file:///Users/esener303/uigen/node_modules/next/dist/server/lib/dev-bundler-service.js:39:55)
    at DevServer.getCompilationError (file:///Users/esener303/uigen/node_modules/next/dist/server/dev/next-dev-server.js:721:42)
    at DevServer.findPageComponents (file:///Users/esener303/uigen/node_modules/next/dist/server/dev/next-dev-server.js:691:43)
    at async DevServer.renderErrorToResponseImpl (file:///Users/esener303/uigen/node_modules/next/dist/server/base-server.js:1687:26)
[    1813ms] [ERROR] ./node_modules/@ai-sdk/react/node_modules/@ai-sdk/gateway/dist/index.mjs:1245:1
Module not found: Can't resolve 'zod'
  1243 |   zodSchema as zodSchema7
  1244 | } from "@ai-sdk/provider-utils";
> 1245 | import { z as z10 } from "zod";
       | ^^^^^^^^^^^^^^^^^^^^^^^^^^^^^^^
  1246 | var perplexitySearchInputSchema = lazySchema7(
  1247 |   () => zodSchema7(
  1248 |     z10.object({

Import traces:
  Client Component Browser:
    ./node_modules/@ai-sdk/react/node_modules/@ai-sdk/gateway/dist/index.mjs [Client Component Browser]
    ./node_modules/@ai-sdk/react/node_modules/ai/dist/index.mjs [Client Component Browser]
    ./node_modules/@ai-sdk/react/dist/index.mjs [Client Component Browser]
    ./src/lib/contexts/chat-context.tsx [Client Component Browser]
    ./src/app/main-content.tsx [Client Component Browser]
    ./src/app/main-content.tsx [Server Component]
    ./src/app/page.tsx [Server Component]

  Client Component SSR:
    ./node_modules/@ai-sdk/react/node_modules/@ai-sdk/gateway/dist/index.mjs [Client Component SSR]
    ./node_modules/@ai-sdk/react/node_modules/ai/dist/index.mjs [Client Component SSR]
    ./node_modules/@ai-sdk/react/dist/index.mjs [Client Component SSR]
    ./src/lib/contexts/chat-context.tsx [Client Component SSR]
    ./src/app/main-content.tsx [Client Component SSR]
    ./src/app/main-content.tsx [Server Component]
    ./src/app/page.tsx [Server Component]

https://nextjs.org/docs/messages/module-not-found @ http://localhost:3000/_next/static/chunks/node_modules_next_dist_5b402162._.js:1747
[    1813ms] [ERROR] ./node_modules/@ai-sdk/react/node_modules/@ai-sdk/provider-utils/dist/index.mjs:1134:1
Module not found: Can't resolve 'zod/v3'
  1132 |
  1133 | // src/to-json-schema/zod3-to-json-schema/parsers/record.ts
> 1134 | import {
       | ^^^^^^^^
> 1135 |   ZodFirstPartyTypeKind as ZodFirstPartyTypeKind2
       | ^^^^^^^^^^^^^^^^^^^^^^^^^^^^^^^^^^^^^^^^^^^^^^^^^
> 1136 | } from "zod/v3";
       | ^^^^^^^^^^^^^^^^^
  1137 |
  1138 | // src/to-json-schema/zod3-to-json-schema/parsers/string.ts
  1139 | var emojiRegex = void 0;

Import traces:
  Client Component Browser:
    ./node_modules/@ai-sdk/react/node_modules/@ai-sdk/provider-utils/dist/index.mjs [Client Component Browser]
    ./node_modules/@ai-sdk/react/dist/index.mjs [Client Component Browser]
    ./src/lib/contexts/chat-context.tsx [Client Component Browser]
    ./src/app/main-content.tsx [Client Component Browser]
    ./src/app/main-content.tsx [Server Component]
    ./src/app/page.tsx [Server Component]

  Client Component SSR:
    ./node_modules/@ai-sdk/react/node_modules/@ai-sdk/provider-utils/dist/index.mjs [Client Component SSR]
    ./node_modules/@ai-sdk/react/dist/index.mjs [Client Component SSR]
    ./src/lib/contexts/chat-context.tsx [Client Component SSR]
    ./src/app/main-content.tsx [Client Component SSR]
    ./src/app/main-content.tsx [Server Component]
    ./src/app/page.tsx [Server Component]

https://nextjs.org/docs/messages/module-not-found @ http://localhost:3000/_next/static/chunks/node_modules_next_dist_5b402162._.js:1747
[    1813ms] [ERROR] ./node_modules/@ai-sdk/react/node_modules/@ai-sdk/gateway/dist/index.mjs:958:1
Module not found: Can't resolve 'zod/v4'
  956 |   resolve as resolve5
  957 | } from "@ai-sdk/provider-utils";
> 958 | import { z as z8 } from "zod/v4";
      | ^^^^^^^^^^^^^^^^^^^^^^^^^^^^^^^^^
  959 | var GatewayVideoModel = class {
  960 |   constructor(modelId, config) {
  961 |     this.modelId = modelId;

Import traces:
  Client Component Browser:
    ./node_modules/@ai-sdk/react/node_modules/@ai-sdk/gateway/dist/index.mjs [Client Component Browser]
    ./node_modules/@ai-sdk/react/node_modules/ai/dist/index.mjs [Client Component Browser]
    ./node_modules/@ai-sdk/react/dist/index.mjs [Client Component Browser]
    ./src/lib/contexts/chat-context.tsx [Client Component Browser]
    ./src/app/main-content.tsx [Client Component Browser]
    ./src/app/main-content.tsx [Server Component]
    ./src/app/page.tsx [Server Component]

  Client Component SSR:
    ./node_modules/@ai-sdk/react/node_modules/@ai-sdk/gateway/dist/index.mjs [Client Component SSR]
    ./node_modules/@ai-sdk/react/node_modules/ai/dist/index.mjs [Client Component SSR]
    ./node_modules/@ai-sdk/react/dist/index.mjs [Client Component SSR]
    ./src/lib/contexts/chat-context.tsx [Client Component SSR]
    ./src/app/main-content.tsx [Client Component SSR]
    ./src/app/main-content.tsx [Server Component]
    ./src/app/page.tsx [Server Component]

https://nextjs.org/docs/messages/module-not-found @ http://localhost:3000/_next/static/chunks/node_modules_next_dist_5b402162._.js:1747
[    1813ms] [ERROR] ./node_modules/@ai-sdk/react/node_modules/@ai-sdk/provider-utils/dist/index.mjs:873:1
Module not found: Can't resolve 'zod/v4'
  871 | // src/schema.ts
  872 | import { TypeValidationError } from "@ai-sdk/provider";
> 873 | import * as z4 from "zod/v4";
      | ^^^^^^^^^^^^^^^^^^^^^^^^^^^^^
  874 |
  875 | // src/add-additional-properties-to-json-schema.ts
  876 | function addAdditionalPropertiesToJsonSchema(jsonSchema2) {

Import traces:
  Client Component Browser:
    ./node_modules/@ai-sdk/react/node_modules/@ai-sdk/provider-utils/dist/index.mjs [Client Component Browser]
    ./node_modules/@ai-sdk/react/dist/index.mjs [Client Component Browser]
    ./src/lib/contexts/chat-context.tsx [Client Component Browser]
    ./src/app/main-content.tsx [Client Component Browser]
    ./src/app/main-content.tsx [Server Component]
    ./src/app/page.tsx [Server Component]

  Client Component SSR:
    ./node_modules/@ai-sdk/react/node_modules/@ai-sdk/provider-utils/dist/index.mjs [Client Component SSR]
    ./node_modules/@ai-sdk/react/dist/index.mjs [Client Component SSR]
    ./src/lib/contexts/chat-context.tsx [Client Component SSR]
    ./src/app/main-content.tsx [Client Component SSR]
    ./src/app/main-content.tsx [Server Component]
    ./src/app/page.tsx [Server Component]

https://nextjs.org/docs/messages/module-not-found @ http://localhost:3000/_next/static/chunks/node_modules_next_dist_5b402162._.js:1747
[    1813ms] [ERROR] ./node_modules/@ai-sdk/react/node_modules/ai/dist/index.mjs:8626:1
Module not found: Can't resolve 'zod/v4'
  8624 |   zodSchema as zodSchema2
  8625 | } from "@ai-sdk/provider-utils";
> 8626 | import { z as z8 } from "zod/v4";
       | ^^^^^^^^^^^^^^^^^^^^^^^^^^^^^^^^^
  8627 | var uiMessagesSchema = lazySchema2(
  8628 |   () => zodSchema2(
  8629 |     z8.array(

Import traces:
  Client Component Browser:
    ./node_modules/@ai-sdk/react/node_modules/ai/dist/index.mjs [Client Component Browser]
    ./node_modules/@ai-sdk/react/dist/index.mjs [Client Component Browser]
    ./src/lib/contexts/chat-context.tsx [Client Component Browser]
    ./src/app/main-content.tsx [Client Component Browser]
    ./src/app/main-content.tsx [Server Component]
    ./src/app/page.tsx [Server Component]

  Client Component SSR:
    ./node_modules/@ai-sdk/react/node_modules/ai/dist/index.mjs [Client Component SSR]
    ./node_modules/@ai-sdk/react/dist/index.mjs [Client Component SSR]
    ./src/lib/contexts/chat-context.tsx [Client Component SSR]
    ./src/app/main-content.tsx [Client Component SSR]
    ./src/app/main-content.tsx [Server Component]
    ./src/app/page.tsx [Server Component]

https://nextjs.org/docs/messages/module-not-found @ http://localhost:3000/_next/static/chunks/node_modules_next_dist_5b402162._.js:1747
[    1881ms] [ERROR] Failed to load resource: the server responded with a status of 500 (Internal Server Error) @ http://localhost:3000/favicon.ico:0
[    1963ms] [ERROR] ./node_modules/@ai-sdk/react/node_modules/@ai-sdk/gateway/dist/index.mjs:1245:1
Module not found: Can't resolve 'zod'
  1243 |   zodSchema as zodSchema7
  1244 | } from "@ai-sdk/provider-utils";
> 1245 | import { z as z10 } from "zod";
       | ^^^^^^^^^^^^^^^^^^^^^^^^^^^^^^^
  1246 | var perplexitySearchInputSchema = lazySchema7(
  1247 |   () => zodSchema7(
  1248 |     z10.object({

Import traces:
  Client Component Browser:
    ./node_modules/@ai-sdk/react/node_modules/@ai-sdk/gateway/dist/index.mjs [Client Component Browser]
    ./node_modules/@ai-sdk/react/node_modules/ai/dist/index.mjs [Client Component Browser]
    ./node_modules/@ai-sdk/react/dist/index.mjs [Client Component Browser]
    ./src/lib/contexts/chat-context.tsx [Client Component Browser]
    ./src/app/main-content.tsx [Client Component Browser]
    ./src/app/main-content.tsx [Server Component]
    ./src/app/page.tsx [Server Component]

  Client Component SSR:
    ./node_modules/@ai-sdk/react/node_modules/@ai-sdk/gateway/dist/index.mjs [Client Component SSR]
    ./node_modules/@ai-sdk/react/node_modules/ai/dist/index.mjs [Client Component SSR]
    ./node_modules/@ai-sdk/react/dist/index.mjs [Client Component SSR]
    ./src/lib/contexts/chat-context.tsx [Client Component SSR]
    ./src/app/main-content.tsx [Client Component SSR]
    ./src/app/main-content.tsx [Server Component]
    ./src/app/page.tsx [Server Component]

https://nextjs.org/docs/messages/module-not-found @ http://localhost:3000/_next/static/chunks/node_modules_next_dist_5b402162._.js:1747
[    1963ms] [ERROR] ./node_modules/@ai-sdk/react/node_modules/@ai-sdk/provider-utils/dist/index.mjs:1134:1
Module not found: Can't resolve 'zod/v3'
  1132 |
  1133 | // src/to-json-schema/zod3-to-json-schema/parsers/record.ts
> 1134 | import {
       | ^^^^^^^^
> 1135 |   ZodFirstPartyTypeKind as ZodFirstPartyTypeKind2
       | ^^^^^^^^^^^^^^^^^^^^^^^^^^^^^^^^^^^^^^^^^^^^^^^^^
> 1136 | } from "zod/v3";
       | ^^^^^^^^^^^^^^^^^
  1137 |
  1138 | // src/to-json-schema/zod3-to-json-schema/parsers/string.ts
  1139 | var emojiRegex = void 0;

Import traces:
  Client Component Browser:
    ./node_modules/@ai-sdk/react/node_modules/@ai-sdk/provider-utils/dist/index.mjs [Client Component Browser]
    ./node_modules/@ai-sdk/react/dist/index.mjs [Client Component Browser]
    ./src/lib/contexts/chat-context.tsx [Client Component Browser]
    ./src/app/main-content.tsx [Client Component Browser]
    ./src/app/main-content.tsx [Server Component]
    ./src/app/page.tsx [Server Component]

  Client Component SSR:
    ./node_modules/@ai-sdk/react/node_modules/@ai-sdk/provider-utils/dist/index.mjs [Client Component SSR]
    ./node_modules/@ai-sdk/react/dist/index.mjs [Client Component SSR]
    ./src/lib/contexts/chat-context.tsx [Client Component SSR]
    ./src/app/main-content.tsx [Client Component SSR]
    ./src/app/main-content.tsx [Server Component]
    ./src/app/page.tsx [Server Component]

https://nextjs.org/docs/messages/module-not-found @ http://localhost:3000/_next/static/chunks/node_modules_next_dist_5b402162._.js:1747
[    1963ms] [ERROR] ./node_modules/@ai-sdk/react/node_modules/@ai-sdk/gateway/dist/index.mjs:958:1
Module not found: Can't resolve 'zod/v4'
  956 |   resolve as resolve5
  957 | } from "@ai-sdk/provider-utils";
> 958 | import { z as z8 } from "zod/v4";
      | ^^^^^^^^^^^^^^^^^^^^^^^^^^^^^^^^^
  959 | var GatewayVideoModel = class {
  960 |   constructor(modelId, config) {
  961 |     this.modelId = modelId;

Import traces:
  Client Component Browser:
    ./node_modules/@ai-sdk/react/node_modules/@ai-sdk/gateway/dist/index.mjs [Client Component Browser]
    ./node_modules/@ai-sdk/react/node_modules/ai/dist/index.mjs [Client Component Browser]
    ./node_modules/@ai-sdk/react/dist/index.mjs [Client Component Browser]
    ./src/lib/contexts/chat-context.tsx [Client Component Browser]
    ./src/app/main-content.tsx [Client Component Browser]
    ./src/app/main-content.tsx [Server Component]
    ./src/app/page.tsx [Server Component]

  Client Component SSR:
    ./node_modules/@ai-sdk/react/node_modules/@ai-sdk/gateway/dist/index.mjs [Client Component SSR]
    ./node_modules/@ai-sdk/react/node_modules/ai/dist/index.mjs [Client Component SSR]
    ./node_modules/@ai-sdk/react/dist/index.mjs [Client Component SSR]
    ./src/lib/contexts/chat-context.tsx [Client Component SSR]
    ./src/app/main-content.tsx [Client Component SSR]
    ./src/app/main-content.tsx [Server Component]
    ./src/app/page.tsx [Server Component]

https://nextjs.org/docs/messages/module-not-found @ http://localhost:3000/_next/static/chunks/node_modules_next_dist_5b402162._.js:1747
[    1963ms] [ERROR] ./node_modules/@ai-sdk/react/node_modules/@ai-sdk/provider-utils/dist/index.mjs:873:1
Module not found: Can't resolve 'zod/v4'
  871 | // src/schema.ts
  872 | import { TypeValidationError } from "@ai-sdk/provider";
> 873 | import * as z4 from "zod/v4";
      | ^^^^^^^^^^^^^^^^^^^^^^^^^^^^^
  874 |
  875 | // src/add-additional-properties-to-json-schema.ts
  876 | function addAdditionalPropertiesToJsonSchema(jsonSchema2) {

Import traces:
  Client Component Browser:
    ./node_modules/@ai-sdk/react/node_modules/@ai-sdk/provider-utils/dist/index.mjs [Client Component Browser]
    ./node_modules/@ai-sdk/react/dist/index.mjs [Client Component Browser]
    ./src/lib/contexts/chat-context.tsx [Client Component Browser]
    ./src/app/main-content.tsx [Client Component Browser]
    ./src/app/main-content.tsx [Server Component]
    ./src/app/page.tsx [Server Component]

  Client Component SSR:
    ./node_modules/@ai-sdk/react/node_modules/@ai-sdk/provider-utils/dist/index.mjs [Client Component SSR]
    ./node_modules/@ai-sdk/react/dist/index.mjs [Client Component SSR]
    ./src/lib/contexts/chat-context.tsx [Client Component SSR]
    ./src/app/main-content.tsx [Client Component SSR]
    ./src/app/main-content.tsx [Server Component]
    ./src/app/page.tsx [Server Component]

https://nextjs.org/docs/messages/module-not-found @ http://localhost:3000/_next/static/chunks/node_modules_next_dist_5b402162._.js:1747
[    1963ms] [ERROR] ./node_modules/@ai-sdk/react/node_modules/ai/dist/index.mjs:8626:1
Module not found: Can't resolve 'zod/v4'
  8624 |   zodSchema as zodSchema2
  8625 | } from "@ai-sdk/provider-utils";
> 8626 | import { z as z8 } from "zod/v4";
       | ^^^^^^^^^^^^^^^^^^^^^^^^^^^^^^^^^
  8627 | var uiMessagesSchema = lazySchema2(
  8628 |   () => zodSchema2(
  8629 |     z8.array(

Import traces:
  Client Component Browser:
    ./node_modules/@ai-sdk/react/node_modules/ai/dist/index.mjs [Client Component Browser]
    ./node_modules/@ai-sdk/react/dist/index.mjs [Client Component Browser]
    ./src/lib/contexts/chat-context.tsx [Client Component Browser]
    ./src/app/main-content.tsx [Client Component Browser]
    ./src/app/main-content.tsx [Server Component]
    ./src/app/page.tsx [Server Component]

  Client Component SSR:
    ./node_modules/@ai-sdk/react/node_modules/ai/dist/index.mjs [Client Component SSR]
    ./node_modules/@ai-sdk/react/dist/index.mjs [Client Component SSR]
    ./src/lib/contexts/chat-context.tsx [Client Component SSR]
    ./src/app/main-content.tsx [Client Component SSR]
    ./src/app/main-content.tsx [Server Component]
    ./src/app/page.tsx [Server Component]

https://nextjs.org/docs/messages/module-not-found @ http://localhost:3000/_next/static/chunks/node_modules_next_dist_5b402162._.js:1747
